<html>
<body>
<pre>
<h1>µVision Build Log</h1>
<h2>Tool Versions:</h2>
IDE-Version: µVision V5.29.0.0
Copyright (C) 2019 ARM Ltd and ARM Germany GmbH. All rights reserved.
License Information: eren akyol, ege universtiy, LIC=----
 
Tool Versions:
Toolchain:       MDK-Lite  Version: 5.29.0.0
Toolchain Path:  C:\Keil_v5\ARM\ARMCC\Bin
C Compiler:      Armcc.exe V5.06 update 6 (build 750)
Assembler:       Armasm.exe V5.06 update 6 (build 750)
Linker/Locator:  ArmLink.exe V5.06 update 6 (build 750)
Library Manager: ArmAr.exe V5.06 update 6 (build 750)
Hex Converter:   FromElf.exe V5.06 update 6 (build 750)
CPU DLL:         SARMCM3.DLL V5.29.0.0
Dialog DLL:      DCM.DLL V1.17.3.0
Target DLL:      STLink\ST-LINKIII-KEIL_SWO.dll V3.0.7.0
Dialog DLL:      TCM.DLL V1.36.5.0
 
<h2>Project:</h2>
D:\gitProject\v5_EL_stm32f4\MDK-ARM\v5_EL_stm32f4.uvprojx
Project File Date:  11/14/2020

<h2>Output:</h2>
*** Using Compiler 'V5.06 update 6 (build 750)', folder: 'C:\Keil_v5\ARM\ARMCC\Bin'
Build target 'v5_EL_stm32f4'
compiling main.c...
../Core/Src/main.c(96): warning:  #167-D: argument of type "uint8_t *" is incompatible with parameter of type "char *restrict"
  	HAL_UART_Transmit(&huart3,Tx_Buffer,sprintf(Tx_Buffer,"%c\n",'A'),1); 
../Core/Src/main.c(99): warning:  #167-D: argument of type "uint8_t *" is incompatible with parameter of type "char *restrict"
  	HAL_UART_Transmit(&huart3,Tx_Buffer,sprintf(Tx_Buffer,"%d\n",packetNumber),1);
../Core/Src/main.c(106): warning:  #167-D: argument of type "uint8_t *" is incompatible with parameter of type "char *restrict"
  				HAL_UART_Transmit(&huart3,Tx_Buffer,sprintf(Tx_Buffer,"%d\n",sendPacket[i]),1);		
../Core/Src/main.c(113): warning:  #167-D: argument of type "uint8_t *" is incompatible with parameter of type "char *restrict"
  				HAL_UART_Transmit(&huart3,Tx_Buffer,sprintf(Tx_Buffer,"%d\n",sendPacket[i]),1);		
../Core/Src/main.c(120): warning:  #167-D: argument of type "uint8_t *" is incompatible with parameter of type "char *restrict"
  	HAL_UART_Transmit(&huart3,Tx_Buffer,sprintf(Tx_Buffer,"%d\n",crc),1);		
../Core/Src/main.c(143): warning:  #167-D: argument of type "uint8_t *" is incompatible with parameter of type "char *restrict"
  	HAL_UART_Transmit(&huart3,Tx_Buffer,sprintf(Tx_Buffer,"%c\n",'C'),1); 
../Core/Src/main.c(146): warning:  #167-D: argument of type "uint8_t *" is incompatible with parameter of type "char *restrict"
  	HAL_UART_Transmit(&huart3,Tx_Buffer,sprintf(Tx_Buffer,"%d\n",packetNumber),1);
../Core/Src/main.c(151): warning:  #167-D: argument of type "uint8_t *" is incompatible with parameter of type "char *restrict"
  			HAL_UART_Transmit(&huart3,Tx_Buffer,sprintf(Tx_Buffer,"%d\n",sendPacket[i]),1);		
../Core/Src/main.c(157): warning:  #167-D: argument of type "uint8_t *" is incompatible with parameter of type "char *restrict"
  	HAL_UART_Transmit(&huart3,Tx_Buffer,sprintf(Tx_Buffer,"%d\n",crc),1);		
../Core/Src/main.c: 9 warnings, 0 errors
linking...
Program Size: Code=5072 RO-data=448 RW-data=32 ZI-data=1128  
FromELF: creating hex file...
"v5_EL_stm32f4\v5_EL_stm32f4.axf" - 0 Error(s), 9 Warning(s).

<h2>Software Packages used:</h2>

Package Vendor: ARM
                http://www.keil.com/pack/ARM.CMSIS.5.6.0.pack
                ARM.CMSIS.5.6.0
                CMSIS (Cortex Microcontroller Software Interface Standard)
   * Component: CORE Version: 5.3.0

Package Vendor: Keil
                http://www.keil.com/pack/Keil.STM32F4xx_DFP.2.14.0.pack
                Keil.STM32F4xx_DFP.2.14.0
                STMicroelectronics STM32F4 Series Device Support, Drivers and Examples

<h2>Collection of Component include folders:</h2>
  .\RTE\_v5_EL_stm32f4
  C:\Users\erena\AppData\Local\Arm\Packs\ARM\CMSIS\5.6.0\CMSIS\Core\Include
  C:\Users\erena\AppData\Local\Arm\Packs\Keil\STM32F4xx_DFP\2.14.0\Drivers\CMSIS\Device\ST\STM32F4xx\Include

<h2>Collection of Component Files used:</h2>

   * Component: ARM::CMSIS:CORE:5.3.0
Build Time Elapsed:  00:00:05
</pre>
</body>
</html>
